// Jest Snapshot v1, https://goo.gl/fbAQLP

exports[`Correctly rendered 1`] = `
<div
  className="property__mark"
>
  <span>
    NOT LOADING
  </span>
</div>
`;
