// Jest Snapshot v1, https://goo.gl/fbAQLP

exports[`Correctly rendered 1`] = `
<div
  className="page"
>
  <Not load />
  <div
    className="property__gallery-container container"
  >
    <div
      className="property__gallery"
    >
      <div
        className="property__image-wrapper"
      >
        <img
          alt="img/room.jpg"
          className="property__image"
          src="img/1.png"
        />
      </div>
      <div
        className="property__image-wrapper"
      >
        <img
          alt="img/room.jpg"
          className="property__image"
          src="img/2.png"
        />
      </div>
    </div>
  </div>
  <div
    className="property__container container"
  >
    <div
      className="property__wrapper"
    >
      <div
        className="property__name-wrapper"
      >
        <h1
          className="property__name"
        >
          A quiet cozy and picturesque that hides behind a a river by the unique lightness of Amsterdam.
        </h1>
      </div>
      <div
        className="property__rating rating"
      >
        <div
          className="property__stars rating__stars"
        >
          <span
            style={
              Object {
                "width": "96%",
              }
            }
          />
          <span
            className="visually-hidden"
          >
            Rating
          </span>
        </div>
        <span
          className="property__rating-value rating__value"
        >
          4.8
        </span>
      </div>
      <ul
        className="property__features"
      >
        <li
          className="property__feature property__feature--entire"
        >
          apartment
        </li>
        <li
          className="property__feature property__feature--bedrooms"
        >
          3 Bedrooms
        </li>
        <li
          className="property__feature property__feature--adults"
        >
          Max 4 adults
        </li>
      </ul>
      <div
        className="property__price"
      >
        <b
          className="property__price-value"
        >
          €
          120
        </b>
        <span
          className="property__price-text"
        >
           night
        </span>
      </div>
      <div
        className="property__inside"
      >
        <h2
          className="property__inside-title"
        >
          What's inside
        </h2>
        <ul
          className="property__inside-list"
        >
          <li
            className="property__inside-item"
          >
            Heating
          </li>
          <li
            className="property__inside-item"
          >
            Kitchen
          </li>
          <li
            className="property__inside-item"
          >
            Cable TV
          </li>
          <li
            className="property__inside-item"
          >
            Washing machine
          </li>
          <li
            className="property__inside-item"
          >
            Coffee machine
          </li>
          <li
            className="property__inside-item"
          >
            Dishwasher
          </li>
        </ul>
      </div>
      <div
        className="property__host"
      >
        <h2
          className="property__host-title"
        >
          Meet the host
        </h2>
        <div
          className="property__host-user user"
        >
          <div
            className="property__avatar-wrapper property__avatar-wrapper--pro user__avatar-wrapper"
          >
            <img
              alt="Host avatar"
              className="property__avatar user__avatar"
              height="74"
              src="/img/1.png"
              width="74"
            />
          </div>
          <span
            className="property__user-name"
          >
            Angelina
          </span>
          <span
            className="property__user-status"
          >
            Pro
          </span>
        </div>
        <div
          className="property__description"
        >
          <p
            className="property__text"
          >
            A quiet cozy and picturesque that hides behind a a river by the unique lightness of Amsterdam.
          </p>
        </div>
      </div>
    </div>
  </div>
</div>
`;
