// Jest Snapshot v1, https://goo.gl/fbAQLP

exports[`Correctly rendered 1`] = `
<div
  className="abc__map map"
  id="map"
/>
`;
