// Jest Snapshot v1, https://goo.gl/fbAQLP

exports[`Correctly rendered 1`] = `
<li
  className="locations__item"
  onClick={[Function]}
>
  <span
    className="locations__item-link tabs__item "
  >
    Amsterdam
  </span>
</li>
`;
