// Jest Snapshot v1, https://goo.gl/fbAQLP

exports[`Component is rendered correctly 1`] = `
<header
  className="header"
>
  <div
    className="container"
  >
    <div
      className="header__wrapper"
    >
      <div
        className="header__left"
      >
        <a
          className="header__logo-link header__logo-link--active"
          href="/"
          onClick={[Function]}
        >
          <img
            alt="/img/logo.svg"
            className="header__logo"
            height="41"
            src="/img/logo.svg"
            width="81"
          />
        </a>
      </div>
      <nav
        className="header__nav"
      >
        <ul
          className="header__nav-list"
        >
          <li
            className="header__nav-item user"
          >
            <a
              className="header__nav-link header__nav-link--profile"
              href="/favorites"
              onClick={[Function]}
            >
              <div
                className="header__avatar-wrapper user__avatar-wrapper"
              >
                <img
                  alt=""
                  className="user__avatar"
                  height="41"
                  src="https://htmlacademy-react-2.appspot.com/six-citiesundefined"
                  width="81"
                />
              </div>
              <span
                className="header__user-name user__name"
              >
                Sign In
              </span>
            </a>
          </li>
        </ul>
      </nav>
    </div>
  </div>
</header>
`;
