// Jest Snapshot v1, https://goo.gl/fbAQLP

exports[`Correctly rendered 1`] = `<Main Page />`;
