// Jest Snapshot v1, https://goo.gl/fbAQLP

exports[`Correctly rendered 1`] = `
<h2
  className="reviews__title"
>
  Reviews Â· 
  <span
    className="reviews__amount"
  >
    0
  </span>
</h2>
`;
