// Jest Snapshot v1, https://goo.gl/fbAQLP

exports[`Correctly rendered 1`] = `
<div
  className="cities__places-list places__list tabs__content"
>
  offer-card
  offer-card
</div>
`;
