// Jest Snapshot v1, https://goo.gl/fbAQLP

exports[`Correctly rendered 1`] = `
<form
  action="#"
  className="TEST__sorting"
  method="get"
  onClick={[Function]}
>
  <span
    className="TEST__sorting-caption"
  >
    Sort by 
  </span>
  <span
    className="TEST__sorting-type"
    tabIndex="0"
  >
    Sort Type
    <svg
      className="TEST__sorting-arrow"
      height="4"
      width="7"
    >
      <use
        xlinkHref="#icon-arrow-select"
      />
    </svg>
  </span>
  <ul
    className="TEST__options TEST__options--custom TEST__options--opened"
    onClick={[Function]}
  >
    <li
      className="TEST__option"
      tabIndex="0"
    >
      Popular
    </li>
    <li
      className="TEST__option"
      tabIndex="0"
    >
      Price: low to high
    </li>
    <li
      className="TEST__option"
      tabIndex="0"
    >
      Price: high to low
    </li>
    <li
      className="TEST__option"
      tabIndex="0"
    >
      Top rated first
    </li>
  </ul>
</form>
`;
